[16:56:30] WARNING  pynput is not installed. Please install it by  keyboard.py:7
                    running 'pip install pynput'                                
[runner] 队列 30 个任务: ['libero:libero_spatial:0', 'libero:libero_spatial:1', 'libero:libero_spatial:2', 'libero:libero_spatial:3', 'libero:libero_spatial:4', 'libero:libero_spatial:5'] …
[info] using task orders [0, 1, 2, 3, 4, 5, 6, 7, 8, 9]
[runner] === libero:libero_spatial:0: pick up the black bowl between the plate and the ramekin and place it on the plate
[runner] 子目标: [('On', 'akita_black_bowl_1', 'plate_1')]
[robosuite WARNING] No private macro file found! (__init__.py:7)
[16:56:31] WARNING  No private macro file found!                   __init__.py:7
[robosuite WARNING] It is recommended to use a private macro file (__init__.py:8)
           WARNING  It is recommended to use a private macro file  __init__.py:8
[robosuite WARNING] To setup, run: python /home/lifd/.local/lib/python3.10/site-packages/robosuite/scripts/setup_macros.py (__init__.py:9)
           WARNING  To setup, run: python                          __init__.py:9
                    /home/lifd/.local/lib/python3.10/site-packages              
                    /robosuite/scripts/setup_macros.py                          
           DEBUG    matplotlib data path:                        __init__.py:342
                    /home/lifd/.local/lib/python3.10/site-packag                
                    es/matplotlib/mpl-data                                      
           DEBUG    CONFIGDIR=/home/lifd/.config/matplotlib      __init__.py:342
           DEBUG    interactive is False                        __init__.py:1560
           DEBUG    platform is linux                           __init__.py:1561
Gym has been unmaintained since 2022 and does not support NumPy 2.0 amongst other critical functionality.
Please upgrade to Gymnasium, the maintained drop-in replacement of Gym, or contact the authors of your software and request that they upgrade.
See the migration guide at https://gymnasium.farama.org/introduction/migration_guide/ for additional information.
/home/lifd/anaconda3/envs/darwin/lib/python3.10/site-packages/MinkowskiEngine-0.5.4-py3.10-linux-x86_64.egg/MinkowskiEngine/__init__.py:36: UserWarning: The environment variable `OMP_NUM_THREADS` not set. MinkowskiEngine will automatically set `OMP_NUM_THREADS=16`. If you want to set `OMP_NUM_THREADS` manually, please export it on the command line before running a python script. e.g. `export OMP_NUM_THREADS=12; python your_program.py`. It is recommended to set it below 24.
  warnings.warn(
/home/lifd/.local/lib/python3.10/site-packages/torch/autograd/function.py:309: DeprecationWarning: <class 'MinkowskiConvolution.MinkowskiConvolutionFunction'> should not be instantiated. Methods on autograd functionsare all static, so you should invoke them on the class itself. Instantiating an autograd function will raise an error in a future version of PyTorch.
  warnings.warn(f"{cls} should not be instantiated. Methods on autograd functions"
/home/lifd/.local/lib/python3.10/site-packages/torch/autograd/function.py:309: DeprecationWarning: <class 'MinkowskiConvolution.MinkowskiConvolutionTransposeFunction'> should not be instantiated. Methods on autograd functionsare all static, so you should invoke them on the class itself. Instantiating an autograd function will raise an error in a future version of PyTorch.
  warnings.warn(f"{cls} should not be instantiated. Methods on autograd functions"
/home/lifd/Public/grasp_models/gsnet_graspness/models/graspnet.py:106: UserWarning: __floordiv__ is deprecated, and its behavior will change in a future version of pytorch. It currently rounds toward 0 (like the 'trunc' function NOT 'floor'). This results in incorrect rounding for negative values. To keep the current behavior, use torch.div(a, b, rounding_mode='trunc'), or for actual floor division, use torch.div(a, b, rounding_mode='floor').
  grasp_angle = (grasp_score_inds // NUM_DEPTH) * np.pi / 12
[grasp] 抓取后端: gsnet
[runner]   grasp ✓  {'obj': 'akita_black_bowl_1', 'cand': 0, 'grasp_pt': [-0.13, 0.332, 0.921], 'lifted': 0.008}
[runner]   place_at ✓  {'obj': 'akita_black_bowl_1', 'target': 'plate_1', 'tip_z': 0.957, 'dxy_to_target': 0.004}
[runner] 子目标达成: On(akita_black_bowl_1,plate_1)
[runner] attempt 1/3 SUCCESS (265.1s) 
[info] using task orders [0, 1, 2, 3, 4, 5, 6, 7, 8, 9]
[runner] === libero:libero_spatial:1: pick up the black bowl next to the ramekin and place it on the plate
[runner] 子目标: [('On', 'akita_black_bowl_1', 'plate_1')]
[runner]   grasp ✓  {'obj': 'akita_black_bowl_1', 'cand': 0, 'grasp_pt': [-0.222, 0.506, 0.922], 'lifted': 0.006}
[runner]   place_at ✓  {'obj': 'akita_black_bowl_1', 'target': 'plate_1', 'tip_z': 0.946, 'dxy_to_target': 0.03}
[runner]   On(akita_black_bowl_1,plate_1) 执行完成但谓词未满足
[runner] attempt 1/3 FAIL (301.5s) attempt_timeout>300s
[runner]   grasp ✓  {'obj': 'akita_black_bowl_1', 'cand': 0, 'grasp_pt': [-0.222, 0.506, 0.922], 'lifted': 0.006}
[runner]   place_at ✓  {'obj': 'akita_black_bowl_1', 'target': 'plate_1', 'tip_z': 0.946, 'dxy_to_target': 0.03}
[runner]   On(akita_black_bowl_1,plate_1) 执行完成但谓词未满足
[runner] attempt 2/3 FAIL (301.7s) attempt_timeout>300s
[runner]   grasp ✓  {'obj': 'akita_black_bowl_1', 'cand': 0, 'grasp_pt': [-0.222, 0.506, 0.922], 'lifted': 0.006}
[runner]   place_at ✓  {'obj': 'akita_black_bowl_1', 'target': 'plate_1', 'tip_z': 0.946, 'dxy_to_target': 0.03}
[runner]   On(akita_black_bowl_1,plate_1) 执行完成但谓词未满足
[runner] attempt 3/3 FAIL (301.7s) attempt_timeout>300s
[runner] libero:libero_spatial:1 达到最大重试次数，继续下一任务
[info] using task orders [0, 1, 2, 3, 4, 5, 6, 7, 8, 9]
[runner] === libero:libero_spatial:2: pick up the black bowl from table center and place it on the plate
[runner] 子目标: [('On', 'akita_black_bowl_1', 'plate_1')]
[runner]   grasp ✗ 闭爪后物体未随抬升脱离（Δbottom=0.001） {'obj': 'akita_black_bowl_1', 'cand': 0, 'n_tried': 8}
[runner] attempt 1/3 FAIL (301.4s) attempt_timeout>300s
[runner]   grasp ✗ 闭爪后物体未随抬升脱离（Δbottom=0.001） {'obj': 'akita_black_bowl_1', 'cand': 0, 'n_tried': 9}
[runner] attempt 2/3 FAIL (301.5s) attempt_timeout>300s
[runner]   grasp ✓  {'obj': 'akita_black_bowl_1', 'cand': 0, 'grasp_pt': [-0.082, 0.093, 0.922], 'lifted': 0.007}
[runner]   place_at ✓  {'obj': 'akita_black_bowl_1', 'target': 'plate_1', 'tip_z': 0.956, 'dxy_to_target': 0.009}
[runner] 子目标达成: On(akita_black_bowl_1,plate_1)
[runner] attempt 3/3 SUCCESS (133.1s) 
[info] using task orders [0, 1, 2, 3, 4, 5, 6, 7, 8, 9]
[runner] === libero:libero_spatial:3: pick up the black bowl on the cookie box and place it on the plate
[runner] 子目标: [('On', 'akita_black_bowl_1', 'plate_1')]
[runner]   grasp ✗ reach_limit @ [0.067, 0.1, 0.953] {'obj': 'akita_black_bowl_1', 'cand': 0, 'n_tried': 5}
[runner]   grasp ✗ 无可达无碰撞关节路径 {'obj': 'akita_black_bowl_1', 'cand': 0, 'n_tried': 22}
[runner]   grasp ✗ 站点构型不可行（碰撞/IK） {'obj': 'akita_black_bowl_1', 'cand': 0, 'n_tried': 15}
[runner]   grasp ✗ 站点构型不可行（碰撞/IK） {'obj': 'akita_black_bowl_1', 'cand': 0, 'n_tried': 11}
[runner] attempt 1/3 FAIL (43.0s) 重规划轮次耗尽（4）
[runner]   grasp ✗ reach_limit @ [0.067, 0.1, 0.953] {'obj': 'akita_black_bowl_1', 'cand': 0, 'n_tried': 5}
[runner]   grasp ✗ 无可达无碰撞关节路径 {'obj': 'akita_black_bowl_1', 'cand': 0, 'n_tried': 21}
[runner]   grasp ✗ 站点构型不可行（碰撞/IK） {'obj': 'akita_black_bowl_1', 'cand': 0, 'n_tried': 8}
[runner]   grasp ✗ 站点构型不可行（碰撞/IK） {'obj': 'akita_black_bowl_1', 'cand': 0, 'n_tried': 5}
[runner] attempt 2/3 FAIL (43.4s) 重规划轮次耗尽（4）
[runner]   grasp ✗ reach_limit @ [0.067, 0.1, 0.953] {'obj': 'akita_black_bowl_1', 'cand': 0, 'n_tried': 13}
[runner]   grasp ✗ 无可达无碰撞关节路径 {'obj': 'akita_black_bowl_1', 'cand': 0, 'n_tried': 1}
[runner]   grasp ✗ 站点构型不可行（碰撞/IK） {'obj': 'akita_black_bowl_1', 'cand': 0, 'n_tried': 23}
[runner]   grasp ✗ 站点构型不可行（碰撞/IK） {'obj': 'akita_black_bowl_1', 'cand': 0, 'n_tried': 17}
[runner] attempt 3/3 FAIL (43.5s) 重规划轮次耗尽（4）
[runner] libero:libero_spatial:3 达到最大重试次数，继续下一任务
[info] using task orders [0, 1, 2, 3, 4, 5, 6, 7, 8, 9]
[runner] === libero:libero_spatial:4: pick up the black bowl in the top drawer of the wooden cabinet and place it on the plate
[runner] 子目标: [('On', 'akita_black_bowl_1', 'plate_1')]
[runner]   grasp ✗ GraspNet 无候选 {'obj': 'akita_black_bowl_1', 'cand': 0, 'n_tried': 0}
[runner]   grasp ✗ 站点构型不可行（碰撞/IK） {'obj': 'akita_black_bowl_1', 'cand': 0, 'n_tried': 3}
[runner]   grasp ✗ GraspNet 无候选 {'obj': 'akita_black_bowl_1', 'cand': 0, 'n_tried': 0}
[runner]   grasp ✗ 站点构型不可行（碰撞/IK） {'obj': 'akita_black_bowl_1', 'cand': 0, 'n_tried': 12}
[runner] attempt 1/3 FAIL (8.7s) 重规划轮次耗尽（4）
[runner]   grasp ✗ 站点构型不可行（碰撞/IK） {'obj': 'akita_black_bowl_1', 'cand': 0, 'n_tried': 3}
[runner]   grasp ✗ GraspNet 无候选 {'obj': 'akita_black_bowl_1', 'cand': 0, 'n_tried': 0}
[runner]   grasp ✗ 站点构型不可行（碰撞/IK） {'obj': 'akita_black_bowl_1', 'cand': 0, 'n_tried': 1}
[runner]   grasp ✗ 站点构型不可行（碰撞/IK） {'obj': 'akita_black_bowl_1', 'cand': 0, 'n_tried': 2}
[runner] attempt 2/3 FAIL (4.8s) 重规划轮次耗尽（4）
[runner]   grasp ✗ 站点构型不可行（碰撞/IK） {'obj': 'akita_black_bowl_1', 'cand': 0, 'n_tried': 1}
[runner]   grasp ✗ GraspNet 无候选 {'obj': 'akita_black_bowl_1', 'cand': 0, 'n_tried': 0}
[runner]   grasp ✗ GraspNet 无候选 {'obj': 'akita_black_bowl_1', 'cand': 0, 'n_tried': 0}
[runner]   grasp ✗ GraspNet 无候选 {'obj': 'akita_black_bowl_1', 'cand': 0, 'n_tried': 0}
[runner] attempt 3/3 FAIL (2.8s) 重规划轮次耗尽（4）
[runner] libero:libero_spatial:4 达到最大重试次数，继续下一任务
[info] using task orders [0, 1, 2, 3, 4, 5, 6, 7, 8, 9]
[runner] === libero:libero_spatial:5: pick up the black bowl on the ramekin and place it on the plate
[runner] 子目标: [('On', 'akita_black_bowl_1', 'plate_1')]
[runner]   grasp ✗ reach_limit @ [-0.209, 0.014, 1.18] {'obj': 'akita_black_bowl_1', 'cand': 0, 'n_tried': 1}
[runner]   grasp ✗ 站点构型不可行（碰撞/IK） {'obj': 'akita_black_bowl_1', 'cand': 0, 'n_tried': 34}
[runner]   grasp ✗ 站点构型不可行（碰撞/IK） {'obj': 'akita_black_bowl_1', 'cand': 0, 'n_tried': 28}
[runner]   grasp ✗ 站点构型不可行（碰撞/IK） {'obj': 'akita_black_bowl_1', 'cand': 0, 'n_tried': 12}
[runner] attempt 1/3 FAIL (213.2s) 重规划轮次耗尽（4）
[runner]   grasp ✗ reach_limit @ [-0.209, 0.014, 1.18] {'obj': 'akita_black_bowl_1', 'cand': 0, 'n_tried': 3}
[runner]   grasp ✗ 站点构型不可行（碰撞/IK） {'obj': 'akita_black_bowl_1', 'cand': 0, 'n_tried': 18}
[runner]   grasp ✗ 站点构型不可行（碰撞/IK） {'obj': 'akita_black_bowl_1', 'cand': 0, 'n_tried': 16}
[runner]   grasp ✗ 站点构型不可行（碰撞/IK） {'obj': 'akita_black_bowl_1', 'cand': 0, 'n_tried': 11}
[runner] attempt 2/3 FAIL (198.2s) 重规划轮次耗尽（4）
[runner]   grasp ✗ reach_limit @ [-0.209, 0.014, 1.18] {'obj': 'akita_black_bowl_1', 'cand': 0, 'n_tried': 5}
[runner]   grasp ✗ 站点构型不可行（碰撞/IK） {'obj': 'akita_black_bowl_1', 'cand': 0, 'n_tried': 18}
[runner]   grasp ✗ 站点构型不可行（碰撞/IK） {'obj': 'akita_black_bowl_1', 'cand': 0, 'n_tried': 17}
[runner]   grasp ✗ 站点构型不可行（碰撞/IK） {'obj': 'akita_black_bowl_1', 'cand': 0, 'n_tried': 19}
[runner] attempt 3/3 FAIL (208.7s) 重规划轮次耗尽（4）
[runner] libero:libero_spatial:5 达到最大重试次数，继续下一任务
[info] using task orders [0, 1, 2, 3, 4, 5, 6, 7, 8, 9]
[runner] === libero:libero_spatial:6: pick up the black bowl next to the cookie box and place it on the plate
[runner] 子目标: [('On', 'akita_black_bowl_1', 'plate_1')]
[runner]   grasp ✗ reach_limit @ [0.127, -0.016, 1.006] {'obj': 'akita_black_bowl_1', 'cand': 0, 'n_tried': 13}
[runner] attempt 1/3 FAIL (301.4s) attempt_timeout>300s
[runner]   grasp ✓  {'obj': 'akita_black_bowl_1', 'cand': 0, 'grasp_pt': [0.116, -0.027, 0.93], 'lifted': 0.004}
[runner]   place_at ✓  {'obj': 'akita_black_bowl_1', 'target': 'plate_1', 'tip_z': 0.954, 'dxy_to_target': 0.004}
[runner] 子目标达成: On(akita_black_bowl_1,plate_1)
[runner] attempt 2/3 SUCCESS (79.1s) 
[info] using task orders [0, 1, 2, 3, 4, 5, 6, 7, 8, 9]
[runner] === libero:libero_spatial:7: pick up the black bowl on the stove and place it on the plate
[runner] 子目标: [('On', 'akita_black_bowl_1', 'plate_1')]
[runner] attempt 1/3 FAIL (302.3s) attempt_timeout>300s
[runner]   grasp ✗ 闭爪后物体未随抬升脱离（Δbottom=0.002） {'obj': 'akita_black_bowl_1', 'cand': 0, 'n_tried': 5}
[runner]   grasp ✗ 无可达无碰撞关节路径 {'obj': 'akita_black_bowl_1', 'cand': 0, 'n_tried': 6}
[runner]   grasp ✗ 站点构型不可行（碰撞/IK） {'obj': 'akita_black_bowl_1', 'cand': 0, 'n_tried': 15}
[runner]   grasp ✗ 站点构型不可行（碰撞/IK） {'obj': 'akita_black_bowl_1', 'cand': 0, 'n_tried': 3}
[runner] attempt 2/3 FAIL (297.5s) 重规划轮次耗尽（4）
[runner]   grasp ✗ 无可达无碰撞关节路径 {'obj': 'akita_black_bowl_1', 'cand': 0, 'n_tried': 32}
[runner]   grasp ✗ 无可达无碰撞关节路径 {'obj': 'akita_black_bowl_1', 'cand': 0, 'n_tried': 8}
[runner]   grasp ✗ 站点构型不可行（碰撞/IK） {'obj': 'akita_black_bowl_1', 'cand': 0, 'n_tried': 16}
[runner]   grasp ✗ 站点构型不可行（碰撞/IK） {'obj': 'akita_black_bowl_1', 'cand': 0, 'n_tried': 2}
[runner] attempt 3/3 FAIL (298.8s) 重规划轮次耗尽（4）
[runner] libero:libero_spatial:7 达到最大重试次数，继续下一任务
[info] using task orders [0, 1, 2, 3, 4, 5, 6, 7, 8, 9]
[runner] === libero:libero_spatial:8: pick up the black bowl next to the plate and place it on the plate
[runner] 子目标: [('On', 'akita_black_bowl_1', 'plate_1')]
[runner]   grasp ✗ reach_limit @ [-0.011, 0.386, 0.935] {'obj': 'akita_black_bowl_1', 'cand': 0, 'n_tried': 4}
[runner]   grasp ✗ 无可达无碰撞关节路径 {'obj': 'akita_black_bowl_1', 'cand': 0, 'n_tried': 3}
[runner]   grasp ✗ 站点构型不可行（碰撞/IK） {'obj': 'akita_black_bowl_1', 'cand': 0, 'n_tried': 1}
[runner]   grasp ✗ 站点构型不可行（碰撞/IK） {'obj': 'akita_black_bowl_1', 'cand': 0, 'n_tried': 12}
[runner] attempt 1/3 FAIL (44.9s) 重规划轮次耗尽（4）
[runner]   grasp ✗ reach_limit @ [-0.011, 0.386, 0.935] {'obj': 'akita_black_bowl_1', 'cand': 0, 'n_tried': 5}
[runner]   grasp ✗ 无可达无碰撞关节路径 {'obj': 'akita_black_bowl_1', 'cand': 0, 'n_tried': 1}
[runner]   grasp ✗ 站点构型不可行（碰撞/IK） {'obj': 'akita_black_bowl_1', 'cand': 0, 'n_tried': 1}
[runner]   grasp ✗ 无可达无碰撞关节路径 {'obj': 'akita_black_bowl_1', 'cand': 0, 'n_tried': 2}
[runner] attempt 2/3 FAIL (44.1s) 重规划轮次耗尽（4）
[runner]   grasp ✗ reach_limit @ [-0.011, 0.386, 0.935] {'obj': 'akita_black_bowl_1', 'cand': 0, 'n_tried': 3}
[runner]   grasp ✗ 无可达无碰撞关节路径 {'obj': 'akita_black_bowl_1', 'cand': 0, 'n_tried': 1}
[runner]   grasp ✗ 站点构型不可行（碰撞/IK） {'obj': 'akita_black_bowl_1', 'cand': 0, 'n_tried': 9}
[runner]   grasp ✗ 站点构型不可行（碰撞/IK） {'obj': 'akita_black_bowl_1', 'cand': 0, 'n_tried': 1}
[runner] attempt 3/3 FAIL (47.9s) 重规划轮次耗尽（4）
[runner] libero:libero_spatial:8 达到最大重试次数，继续下一任务
[info] using task orders [0, 1, 2, 3, 4, 5, 6, 7, 8, 9]
[runner] === libero:libero_spatial:9: pick up the black bowl on the wooden cabinet and place it on the plate
[runner] 子目标: [('On', 'akita_black_bowl_1', 'plate_1')]
[runner]   grasp ✗ 闭爪后物体未随抬升脱离（Δbottom=0.001） {'obj': 'akita_black_bowl_1', 'cand': 0, 'n_tried': 8}
[runner]   grasp ✗ 无可达无碰撞关节路径 {'obj': 'akita_black_bowl_1', 'cand': 0, 'n_tried': 8}
[runner]   grasp ✗ GraspNet 无候选 {'obj': 'akita_black_bowl_1', 'cand': 0, 'n_tried': 0}
[runner]   grasp ✗ GraspNet 无候选 {'obj': 'akita_black_bowl_1', 'cand': 0, 'n_tried': 0}
[runner] attempt 1/3 FAIL (300.7s) 重规划轮次耗尽（4）
[runner]   grasp ✗ 闭爪后物体未随抬升脱离（Δbottom=0.000） {'obj': 'akita_black_bowl_1', 'cand': 0, 'n_tried': 8}
[runner] attempt 2/3 FAIL (301.4s) attempt_timeout>300s
[runner]   grasp ✗ 闭爪后物体未随抬升脱离（Δbottom=0.001） {'obj': 'akita_black_bowl_1', 'cand': 0, 'n_tried': 8}
[runner]   grasp ✗ 无可达无碰撞关节路径 {'obj': 'akita_black_bowl_1', 'cand': 0, 'n_tried': 8}
[runner]   grasp ✗ GraspNet 无候选 {'obj': 'akita_black_bowl_1', 'cand': 0, 'n_tried': 0}
[runner]   grasp ✗ GraspNet 无候选 {'obj': 'akita_black_bowl_1', 'cand': 0, 'n_tried': 0}
[runner] attempt 3/3 FAIL (300.9s) 重规划轮次耗尽（4）
[runner] libero:libero_spatial:9 达到最大重试次数，继续下一任务
[info] using task orders [0, 1, 2, 3, 4, 5, 6, 7, 8, 9]
[runner] === libero:libero_object:0: pick up the alphabet soup and place it in the basket
[runner] 子目标: [('In', 'alphabet_soup_1', 'basket_1_contain_region')]
[runner]   grasp ✓  {'obj': 'alphabet_soup_1', 'cand': 0, 'grasp_pt': [-0.122, -0.241, 0.055], 'lifted': 0.005}
[runner]   place_at ✗ 扶正无可达无碰撞路径: alphabet_soup_1 {'obj': 'alphabet_soup_1'}
[runner]   grasp ✗ 接近段不畅通（碰撞/IK） {'obj': 'alphabet_soup_1', 'cand': 1, 'n_tried': 21}
[runner]   grasp ✗ 无可达无碰撞关节路径 {'obj': 'alphabet_soup_1', 'cand': 0, 'n_tried': 6}
[runner]   grasp ✗ 无可达无碰撞关节路径 {'obj': 'alphabet_soup_1', 'cand': 0, 'n_tried': 19}
[runner] attempt 1/3 FAIL (68.2s) 重规划轮次耗尽（4）
[runner]   grasp ✓  {'obj': 'alphabet_soup_1', 'cand': 0, 'grasp_pt': [-0.112, -0.247, 0.046], 'lifted': 0.009}
[runner]   place_at ✗ reach_limit @ [-0.055, -0.155, 0.118] {'end': [-0.05469604056572386, -0.15449402776035345, 0.11766994641120464], 'target': [-0.05462428924430958, -0.15451226714847108, 0.11771260393218481], 'd_pos': 0.0001, 'd_rot': 0.0, 'force': 0.0}
[runner]   grasp ✗ 无可达无碰撞关节路径 {'obj': 'alphabet_soup_1', 'cand': 1, 'n_tried': 32}
[runner]   grasp ✗ 站点构型不可行（碰撞/IK） {'obj': 'alphabet_soup_1', 'cand': 0, 'n_tried': 19}
[runner]   grasp ✗ 无可达无碰撞关节路径 {'obj': 'alphabet_soup_1', 'cand': 0, 'n_tried': 26}
[runner] attempt 2/3 FAIL (164.8s) 重规划轮次耗尽（4）
[runner]   grasp ✗ 无可达无碰撞关节路径 {'obj': 'alphabet_soup_1', 'cand': 0, 'n_tried': 30}
[runner]   grasp ✗ 无可达无碰撞关节路径 {'obj': 'alphabet_soup_1', 'cand': 0, 'n_tried': 23}
[runner]   grasp ✗ 站点构型不可行（碰撞/IK） {'obj': 'alphabet_soup_1', 'cand': 0, 'n_tried': 16}
[runner]   grasp ✗ 站点构型不可行（碰撞/IK） {'obj': 'alphabet_soup_1', 'cand': 0, 'n_tried': 20}
[runner] attempt 3/3 FAIL (91.9s) 重规划轮次耗尽（4）
[runner] libero:libero_object:0 达到最大重试次数，继续下一任务
[info] using task orders [0, 1, 2, 3, 4, 5, 6, 7, 8, 9]
[runner] === libero:libero_object:1: pick up the cream cheese and place it in the basket
[runner] 子目标: [('In', 'cream_cheese_1', 'basket_1_contain_region')]
[runner]   grasp ✗ 站点构型不可行（碰撞/IK） {'obj': 'cream_cheese_1', 'cand': 0, 'n_tried': 26}
[runner]   grasp ✗ 站点构型不可行（碰撞/IK） {'obj': 'cream_cheese_1', 'cand': 0, 'n_tried': 38}
[runner]   grasp ✗ 站点构型不可行（碰撞/IK） {'obj': 'cream_cheese_1', 'cand': 0, 'n_tried': 29}
[runner]   grasp ✗ 站点构型不可行（碰撞/IK） {'obj': 'cream_cheese_1', 'cand': 0, 'n_tried': 29}
[runner] attempt 1/3 FAIL (34.8s) 重规划轮次耗尽（4）
[runner]   grasp ✗ 站点构型不可行（碰撞/IK） {'obj': 'cream_cheese_1', 'cand': 0, 'n_tried': 28}
[runner]   grasp ✗ 站点构型不可行（碰撞/IK） {'obj': 'cream_cheese_1', 'cand': 0, 'n_tried': 19}
[runner]   grasp ✗ 站点构型不可行（碰撞/IK） {'obj': 'cream_cheese_1', 'cand': 0, 'n_tried': 28}
[runner]   grasp ✗ 站点构型不可行（碰撞/IK） {'obj': 'cream_cheese_1', 'cand': 0, 'n_tried': 30}
[runner] attempt 2/3 FAIL (59.9s) 重规划轮次耗尽（4）
[runner]   grasp ✗ 站点构型不可行（碰撞/IK） {'obj': 'cream_cheese_1', 'cand': 0, 'n_tried': 26}
[runner]   grasp ✗ 站点构型不可行（碰撞/IK） {'obj': 'cream_cheese_1', 'cand': 0, 'n_tried': 24}
[runner]   grasp ✗ 站点构型不可行（碰撞/IK） {'obj': 'cream_cheese_1', 'cand': 0, 'n_tried': 40}
[runner]   grasp ✗ 站点构型不可行（碰撞/IK） {'obj': 'cream_cheese_1', 'cand': 0, 'n_tried': 35}
[runner] attempt 3/3 FAIL (49.2s) 重规划轮次耗尽（4）
[runner] libero:libero_object:1 达到最大重试次数，继续下一任务
[info] using task orders [0, 1, 2, 3, 4, 5, 6, 7, 8, 9]
[runner] === libero:libero_object:2: pick up the salad dressing and place it in the basket
[runner] 子目标: [('In', 'salad_dressing_1', 'basket_1_contain_region')]
[runner]   grasp ✗ 接近段不畅通（碰撞/IK） {'obj': 'salad_dressing_1', 'cand': 0, 'n_tried': 12}
[runner]   grasp ✗ 站点构型不可行（碰撞/IK） {'obj': 'salad_dressing_1', 'cand': 0, 'n_tried': 4}
[runner]   grasp ✗ 无可达无碰撞关节路径 {'obj': 'salad_dressing_1', 'cand': 0, 'n_tried': 10}
[runner]   grasp ✗ 站点构型不可行（碰撞/IK） {'obj': 'salad_dressing_1', 'cand': 0, 'n_tried': 9}
[runner] attempt 1/3 FAIL (50.3s) 重规划轮次耗尽（4）
[runner]   grasp ✓  {'obj': 'salad_dressing_1', 'cand': 0, 'grasp_pt': [0.05, -0.112, 0.116], 'lifted': 0.007}
[runner]   place_at ✗ reach_limit @ [0.052, -0.171, 0.115] {'end': [0.054668504795648956, -0.17241791857046113, 0.11954338591638615], 'target': [0.052287325289759254, -0.17053815225404872, 0.11521643050413814], 'd_pos': 0.0053, 'd_rot': 0.0008, 'force': 33.85}
[runner]   grasp ✗ 接近段不畅通（碰撞/IK） {'obj': 'salad_dressing_1', 'cand': 1, 'n_tried': 6}
[runner]   grasp ✗ 站点构型不可行（碰撞/IK） {'obj': 'salad_dressing_1', 'cand': 0, 'n_tried': 6}
[runner] attempt 2/3 FAIL (301.3s) attempt_timeout>300s
[runner]   grasp ✗ 无可达无碰撞关节路径 {'obj': 'salad_dressing_1', 'cand': 0, 'n_tried': 6}
[runner]   grasp ✗ 无可达无碰撞关节路径 {'obj': 'salad_dressing_1', 'cand': 0, 'n_tried': 10}
[runner]   grasp ✗ 站点构型不可行（碰撞/IK） {'obj': 'salad_dressing_1', 'cand': 0, 'n_tried': 2}
[runner]   grasp ✗ 无可达无碰撞关节路径 {'obj': 'salad_dressing_1', 'cand': 0, 'n_tried': 6}
[runner] attempt 3/3 FAIL (32.4s) 重规划轮次耗尽（4）
[runner] libero:libero_object:2 达到最大重试次数，继续下一任务
[info] using task orders [0, 1, 2, 3, 4, 5, 6, 7, 8, 9]
[runner] === libero:libero_object:3: pick up the bbq sauce and place it in the basket
[runner] 子目标: [('In', 'bbq_sauce_1', 'basket_1_contain_region')]
[runner]   grasp ✗ 无可达无碰撞关节路径 {'obj': 'bbq_sauce_1', 'cand': 0, 'n_tried': 32}
[runner]   grasp ✗ 站点构型不可行（碰撞/IK） {'obj': 'bbq_sauce_1', 'cand': 0, 'n_tried': 18}
[runner]   grasp ✗ 站点构型不可行（碰撞/IK） {'obj': 'bbq_sauce_1', 'cand': 0, 'n_tried': 11}
[runner]   grasp ✗ 站点构型不可行（碰撞/IK） {'obj': 'bbq_sauce_1', 'cand': 0, 'n_tried': 10}
[runner] attempt 1/3 FAIL (59.3s) 重规划轮次耗尽（4）
[runner]   grasp ✗ 接近段不畅通（碰撞/IK） {'obj': 'bbq_sauce_1', 'cand': 0, 'n_tried': 27}
[runner]   grasp ✗ 无可达无碰撞关节路径 {'obj': 'bbq_sauce_1', 'cand': 0, 'n_tried': 30}
[runner]   grasp ✗ 站点构型不可行（碰撞/IK） {'obj': 'bbq_sauce_1', 'cand': 0, 'n_tried': 20}
[runner]   grasp ✗ 站点构型不可行（碰撞/IK） {'obj': 'bbq_sauce_1', 'cand': 0, 'n_tried': 22}
[runner] attempt 2/3 FAIL (33.3s) 重规划轮次耗尽（4）
