[13:03:53] WARNING  pynput is not installed. Please install it by  keyboard.py:7
                    running 'pip install pynput'                                
[runner] 队列 30 个任务: ['libero:libero_spatial:0', 'libero:libero_spatial:1', 'libero:libero_spatial:2', 'libero:libero_spatial:3', 'libero:libero_spatial:4', 'libero:libero_spatial:5'] …
[info] using task orders [0, 1, 2, 3, 4, 5, 6, 7, 8, 9]
[runner] === libero:libero_spatial:0: pick up the black bowl between the plate and the ramekin and place it on the plate
[runner] 子目标: [('On', 'akita_black_bowl_1', 'plate_1')]
[robosuite WARNING] No private macro file found! (__init__.py:7)
[13:03:54] WARNING  No private macro file found!                   __init__.py:7
[robosuite WARNING] It is recommended to use a private macro file (__init__.py:8)
           WARNING  It is recommended to use a private macro file  __init__.py:8
[robosuite WARNING] To setup, run: python /home/lifd/.local/lib/python3.10/site-packages/robosuite/scripts/setup_macros.py (__init__.py:9)
           WARNING  To setup, run: python                          __init__.py:9
                    /home/lifd/.local/lib/python3.10/site-packages              
                    /robosuite/scripts/setup_macros.py                          
           DEBUG    matplotlib data path:                        __init__.py:342
                    /home/lifd/.local/lib/python3.10/site-packag                
                    es/matplotlib/mpl-data                                      
           DEBUG    CONFIGDIR=/home/lifd/.config/matplotlib      __init__.py:342
           DEBUG    interactive is False                        __init__.py:1560
           DEBUG    platform is linux                           __init__.py:1561
Gym has been unmaintained since 2022 and does not support NumPy 2.0 amongst other critical functionality.
Please upgrade to Gymnasium, the maintained drop-in replacement of Gym, or contact the authors of your software and request that they upgrade.
See the migration guide at https://gymnasium.farama.org/introduction/migration_guide/ for additional information.
/home/lifd/anaconda3/envs/darwin/lib/python3.10/site-packages/MinkowskiEngine-0.5.4-py3.10-linux-x86_64.egg/MinkowskiEngine/__init__.py:36: UserWarning: The environment variable `OMP_NUM_THREADS` not set. MinkowskiEngine will automatically set `OMP_NUM_THREADS=16`. If you want to set `OMP_NUM_THREADS` manually, please export it on the command line before running a python script. e.g. `export OMP_NUM_THREADS=12; python your_program.py`. It is recommended to set it below 24.
  warnings.warn(
/home/lifd/.local/lib/python3.10/site-packages/torch/autograd/function.py:309: DeprecationWarning: <class 'MinkowskiConvolution.MinkowskiConvolutionFunction'> should not be instantiated. Methods on autograd functionsare all static, so you should invoke them on the class itself. Instantiating an autograd function will raise an error in a future version of PyTorch.
  warnings.warn(f"{cls} should not be instantiated. Methods on autograd functions"
/home/lifd/.local/lib/python3.10/site-packages/torch/autograd/function.py:309: DeprecationWarning: <class 'MinkowskiConvolution.MinkowskiConvolutionTransposeFunction'> should not be instantiated. Methods on autograd functionsare all static, so you should invoke them on the class itself. Instantiating an autograd function will raise an error in a future version of PyTorch.
  warnings.warn(f"{cls} should not be instantiated. Methods on autograd functions"
/home/lifd/Public/grasp_models/gsnet_graspness/models/graspnet.py:106: UserWarning: __floordiv__ is deprecated, and its behavior will change in a future version of pytorch. It currently rounds toward 0 (like the 'trunc' function NOT 'floor'). This results in incorrect rounding for negative values. To keep the current behavior, use torch.div(a, b, rounding_mode='trunc'), or for actual floor division, use torch.div(a, b, rounding_mode='floor').
  grasp_angle = (grasp_score_inds // NUM_DEPTH) * np.pi / 12
[grasp] 抓取后端: gsnet
[runner]   grasp ✓  {'obj': 'akita_black_bowl_1', 'cand': 0, 'grasp_pt': [-0.076, 0.249, 0.956], 'lifted': 0.004}
[runner]   place_at ✗ reach_limit @ [0.023, 0.083, 1.061] {'end': [0.02316179109691679, 0.0828176820867932, 1.060555383909594], 'target': [0.023232333781040965, 0.08283398071124635, 1.060615418715827], 'd_pos': 0.0001, 'd_rot': 0.0, 'force': 0.0}
[runner]   grasp ✓  {'obj': 'akita_black_bowl_1', 'cand': 1, 'grasp_pt': [-0.002, 0.063, 0.976], 'lifted': 0.006}
[runner] attempt 1/3 FAIL (301.5s) attempt_timeout>300s
[runner]   grasp ✓  {'obj': 'akita_black_bowl_1', 'cand': 0, 'grasp_pt': [-0.092, 0.183, 0.955], 'lifted': 0.007}
[runner]   place_at ✗ reach_limit @ [-0.066, 0.247, 1.007] {'end': [-0.06629382186758277, 0.24688023254105837, 1.0072323689347726], 'target': [-0.06622528950016066, 0.24691355245663066, 1.0072845750325754], 'd_pos': 0.0001, 'd_rot': 0.0, 'force': 0.0}
[runner]   grasp ✓  {'obj': 'akita_black_bowl_1', 'cand': 1, 'grasp_pt': [-0.114, 0.237, 0.956], 'lifted': 0.006}
[runner] attempt 2/3 FAIL (302.0s) attempt_timeout>300s
[runner]   grasp ✓  {'obj': 'akita_black_bowl_1', 'cand': 0, 'grasp_pt': [-0.093, 0.234, 0.956], 'lifted': 0.007}
[runner]   place_at ✗ reach_limit @ [-0.063, 0.233, 0.967] {'end': [-0.06346546691278897, 0.23304107093679552, 0.9667989274824147], 'target': [-0.06338672798528538, 0.23307061061769208, 0.9668472136476028], 'd_pos': 0.0001, 'd_rot': 0.0, 'force': 0.0}
[runner]   grasp ✓  {'obj': 'akita_black_bowl_1', 'cand': 1, 'grasp_pt': [-0.08, 0.212, 0.956], 'lifted': 0.003}
[runner]   place_at ✗ 放置点无可达无碰撞路径: akita_black_bowl_1→plate_1 {'target': 'plate_1'}
[runner]   grasp ✗ 闭爪后物体未随抬升脱离（Δbottom=0.000） {'obj': 'akita_black_bowl_1', 'cand': 2, 'n_tried': 1}
[runner]   grasp ✓  {'obj': 'akita_black_bowl_1', 'cand': 0, 'grasp_pt': [-0.084, 0.219, 0.957], 'lifted': 0.005}
[runner] attempt 3/3 FAIL (301.8s) attempt_timeout>300s
[runner] libero:libero_spatial:0 达到最大重试次数，继续下一任务
[info] using task orders [0, 1, 2, 3, 4, 5, 6, 7, 8, 9]
[runner] === libero:libero_spatial:1: pick up the black bowl next to the ramekin and place it on the plate
[runner] 子目标: [('On', 'akita_black_bowl_1', 'plate_1')]
[runner]   grasp ✓  {'obj': 'akita_black_bowl_1', 'cand': 0, 'grasp_pt': [-0.213, 0.369, 0.956], 'lifted': 0.006}
[runner]   place_at ✗ reach_limit @ [-0.121, 0.211, 1.016] {'end': [-0.12130097470290295, 0.2108820851887564, 1.016046527269948], 'target': [-0.12128054104132785, 0.21084273530208913, 1.0160506259034923], 'd_pos': 0.0, 'd_rot': 0.0, 'force': 0.0}
[runner] attempt 1/3 FAIL (301.8s) attempt_timeout>300s
[runner]   grasp ✗ 闭爪后物体未随抬升脱离（Δbottom=-0.000） {'obj': 'akita_black_bowl_1', 'cand': 0, 'n_tried': 17}
[runner] attempt 2/3 FAIL (301.7s) attempt_timeout>300s
[runner]   grasp ✗ 闭爪后物体未随抬升脱离（Δbottom=-0.000） {'obj': 'akita_black_bowl_1', 'cand': 0, 'n_tried': 11}
[runner] attempt 3/3 FAIL (301.5s) attempt_timeout>300s
[runner] libero:libero_spatial:1 达到最大重试次数，继续下一任务
[info] using task orders [0, 1, 2, 3, 4, 5, 6, 7, 8, 9]
[runner] === libero:libero_spatial:2: pick up the black bowl from table center and place it on the plate
[runner] 子目标: [('On', 'akita_black_bowl_1', 'plate_1')]
[runner]   grasp ✗ 无可达无碰撞关节路径 {'obj': 'akita_black_bowl_1', 'cand': 0, 'n_tried': 8}
[runner]   grasp ✗ 无可达无碰撞关节路径 {'obj': 'akita_black_bowl_1', 'cand': 0, 'n_tried': 8}
[runner]   grasp ✗ 无可达无碰撞关节路径 {'obj': 'akita_black_bowl_1', 'cand': 0, 'n_tried': 8}
[runner]   grasp ✗ 无可达无碰撞关节路径 {'obj': 'akita_black_bowl_1', 'cand': 0, 'n_tried': 9}
[runner] attempt 1/3 FAIL (71.0s) 重规划轮次耗尽（4）
[runner]   grasp ✗ 无可达无碰撞关节路径 {'obj': 'akita_black_bowl_1', 'cand': 0, 'n_tried': 15}
[runner]   grasp ✗ 无可达无碰撞关节路径 {'obj': 'akita_black_bowl_1', 'cand': 0, 'n_tried': 8}
[runner]   grasp ✗ 无可达无碰撞关节路径 {'obj': 'akita_black_bowl_1', 'cand': 0, 'n_tried': 8}
[runner]   grasp ✗ 无可达无碰撞关节路径 {'obj': 'akita_black_bowl_1', 'cand': 0, 'n_tried': 12}
[runner] attempt 2/3 FAIL (71.5s) 重规划轮次耗尽（4）
[runner]   grasp ✗ 无可达无碰撞关节路径 {'obj': 'akita_black_bowl_1', 'cand': 0, 'n_tried': 9}
[runner]   grasp ✗ 无可达无碰撞关节路径 {'obj': 'akita_black_bowl_1', 'cand': 0, 'n_tried': 11}
[runner]   grasp ✗ 无可达无碰撞关节路径 {'obj': 'akita_black_bowl_1', 'cand': 0, 'n_tried': 12}
[runner]   grasp ✗ 无可达无碰撞关节路径 {'obj': 'akita_black_bowl_1', 'cand': 0, 'n_tried': 12}
[runner] attempt 3/3 FAIL (71.0s) 重规划轮次耗尽（4）
[runner] libero:libero_spatial:2 达到最大重试次数，继续下一任务
[info] using task orders [0, 1, 2, 3, 4, 5, 6, 7, 8, 9]
[runner] === libero:libero_spatial:3: pick up the black bowl on the cookie box and place it on the plate
[runner] 子目标: [('On', 'akita_black_bowl_1', 'plate_1')]
[runner]   grasp ✓  {'obj': 'akita_black_bowl_1', 'cand': 0, 'grasp_pt': [0.032, 0.055, 0.975], 'lifted': 0.007}
